// Jest Snapshot v1, https://goo.gl/fbAQLP

exports[`BookScreen - page should show the number of books in the title 1`] = `
<div>
  <div
    class="content"
  >
    <div
      class="content_header"
    />
    <h3
      data-testid="Obras:"
    >
      Obras:
       
      5
    </h3>
    <div
      class="card-grid"
    >
      <div
        class="card"
      >
        <div
          class="flex-wrapper column"
        >
          <ul
            class="book"
            data-testid="book-detail"
          >
            <img
              alt="transmitter Refined"
              src="https://boxshot.com/3d-book-cover/how-to-make-a-3d-book-cover-in-photoshop/sample.jpg"
            />
            <li
              class=""
              data-testid="Obra"
            >
              transmitter Refined
            </li>
            <li
              class="small"
              data-testid="Autor"
            >
              Theresa Larkin
            </li>
          </ul>
          <a
            class=""
            href="/characters/book/6301216103b6fbb712bbde7c"
          >
            <button
              class="bg-blue"
              data-testid="navigate-button"
            >
              ðŸŽ­ Personajes
            </button>
          </a>
          <a
            class=""
            href="/scenes/book/6301216103b6fbb712bbde7c"
          >
            <button
              class="bg-blue"
              data-testid="navigate-button"
            >
              ðŸŽ¬ Escenas
            </button>
          </a>
        </div>
      </div>
      <div
        class="card"
      >
        <div
          class="flex-wrapper column"
        >
          <ul
            class="book"
            data-testid="book-detail"
          >
            <img
              alt="alarm Tasty"
              src="https://boxshot.com/3d-book-cover/how-to-make-a-3d-book-cover-in-photoshop/sample.jpg"
            />
            <li
              class=""
              data-testid="Obra"
            >
              alarm Tasty
            </li>
            <li
              class="small"
              data-testid="Autor"
            >
              Jay Hintz
            </li>
          </ul>
          <a
            class=""
            href="/characters/book/6301212c03b6fbb712bbde7a"
          >
            <button
              class="bg-blue"
              data-testid="navigate-button"
            >
              ðŸŽ­ Personajes
            </button>
          </a>
          <a
            class=""
            href="/scenes/book/6301212c03b6fbb712bbde7a"
          >
            <button
              class="bg-blue"
              data-testid="navigate-button"
            >
              ðŸŽ¬ Escenas
            </button>
          </a>
        </div>
      </div>
      <div
        class="card"
      >
        <div
          class="flex-wrapper column"
        >
          <ul
            class="book"
            data-testid="book-detail"
          >
            <img
              alt="Dr. microchip Small"
              src="https://boxshot.com/3d-book-cover/how-to-make-a-3d-book-cover-in-photoshop/sample.jpg"
            />
            <li
              class=""
              data-testid="Obra"
            >
              Dr. microchip Small
            </li>
            <li
              class="small"
              data-testid="Autor"
            >
              Darrell Senger
            </li>
          </ul>
          <a
            class=""
            href="/characters/book/62ffb64f42dc23efb3c3c0c4"
          >
            <button
              class="bg-blue"
              data-testid="navigate-button"
            >
              ðŸŽ­ Personajes
            </button>
          </a>
          <a
            class=""
            href="/scenes/book/62ffb64f42dc23efb3c3c0c4"
          >
            <button
              class="bg-blue"
              data-testid="navigate-button"
            >
              ðŸŽ¬ Escenas
            </button>
          </a>
        </div>
      </div>
      <div
        class="card"
      >
        <div
          class="flex-wrapper column"
        >
          <ul
            class="book"
            data-testid="book-detail"
          >
            <img
              alt="Mr. panel Practical"
              src="https://boxshot.com/3d-book-cover/how-to-make-a-3d-book-cover-in-photoshop/sample.jpg"
            />
            <li
              class=""
              data-testid="Obra"
            >
              Mr. panel Practical
            </li>
            <li
              class="small"
              data-testid="Autor"
            >
              Shaun Mohr
            </li>
          </ul>
          <a
            class=""
            href="/characters/book/62ffb63c42dc23efb3c3c0c2"
          >
            <button
              class="bg-blue"
              data-testid="navigate-button"
            >
              ðŸŽ­ Personajes
            </button>
          </a>
          <a
            class=""
            href="/scenes/book/62ffb63c42dc23efb3c3c0c2"
          >
            <button
              class="bg-blue"
              data-testid="navigate-button"
            >
              ðŸŽ¬ Escenas
            </button>
          </a>
        </div>
      </div>
      <div
        class="card"
      >
        <div
          class="flex-wrapper column"
        >
          <ul
            class="book"
            data-testid="book-detail"
          >
            <img
              alt="El principito"
              src="https://media.v2.siweb.es/uploaded_thumb_medium/bd4e5fefd47a03f444d7dce77040dff3/principito_con_letra.jpg"
            />
            <li
              class=""
              data-testid="Obra"
            >
              El principito
            </li>
            <li
              class="small"
              data-testid="Autor"
            >
              Saint-ExupÃ©ry
            </li>
          </ul>
          <a
            class=""
            href="/characters/book/62fed32c76d7b41305161d8a"
          >
            <button
              class="bg-blue"
              data-testid="navigate-button"
            >
              ðŸŽ­ Personajes
            </button>
          </a>
          <a
            class=""
            href="/scenes/book/62fed32c76d7b41305161d8a"
          >
            <button
              class="bg-blue"
              data-testid="navigate-button"
            >
              ðŸŽ¬ Escenas
            </button>
          </a>
        </div>
      </div>
    </div>
  </div>
</div>
`;
